Error: <path> attribute d: Expected number, "MNaN,NaNhNaNvNaNh…".
Error: <svg> attribute viewBox: Expected number, "NaN NaN NaN NaN".
Error: <path> attribute d: Expected number, "MNaN,NaNhNaNvNaNh…".
Error: <svg> attribute viewBox: Expected number, "NaN NaN NaN NaN".
Received NaN for the `x` attribute. If this is expected, cast the value to a string.
Received NaN for the `y` attribute. If this is expected, cast the value to a string.
Error: <rect> attribute x: Expected length, "NaN".
Error: <rect> attribute y: Expected length, "NaN".
Error: <rect> attribute x: Expected length, "NaN".
Error: <rect> attribute y: Expected length, "NaN".
Error: <path> attribute d: Expected number, "MNaN,NaNhNaNvNaNh…".
Received NaN for the `cx` attribute. If this is expected, cast the value to a string.
Received NaN for the `cy` attribute. If this is expected, cast the value to a string.
Received NaN for the `r` attribute. If this is expected, cast the value to a string.
Error: <circle> attribute cx: Expected length, "NaN".
Error: <circle> attribute cy: Expected length, "NaN".
Error: <circle> attribute r: Expected length, "NaN".
Error: <pattern> attribute x: Expected length, "NaN".
Error: <pattern> attribute y: Expected length, "NaN".
Error: <pattern> attribute patternTransform: Expected number, "translate(-NaN,-NaN)".
Error: <rect> attribute x: Expected length, "NaN".
Error: <rect> attribute y: Expected length, "NaN".
Error: <rect> attribute x: Expected length, "NaN".
Error: <rect> attribute y: Expected length, "NaN".
Error: <path> attribute d: Expected number, "MNaN,NaNhNaNvNaNh…".
Error: <circle> attribute cx: Expected length, "NaN".
Error: <circle> attribute cy: Expected length, "NaN".
Error: <circle> attribute r: Expected length, "NaN".
Error: <pattern> attribute x: Expected length, "NaN".
Error: <pattern> attribute y: Expected length, "NaN".
Error: <pattern> attribute patternTransform: Expected number, "translate(-NaN,-NaN)".
SES_UNCAUGHT_EXCEPTION: null